script: illegal option -- c
usage: script [-aeFkpqr] [-t time] [file [command ...]]
       script -p [-deq] [-T fmt] [file]
